Archive member included to satisfy reference by file (symbol)

c:/devkitpro/devkitarm/bin/../lib/gcc/arm-none-eabi/8.1.0/thumb\libgcc.a(_divsi3.o)
                              gba_Math.o (__aeabi_idiv)
c:/devkitpro/devkitarm/bin/../lib/gcc/arm-none-eabi/8.1.0/thumb\libgcc.a(_dvmd_tls.o)
                              c:/devkitpro/devkitarm/bin/../lib/gcc/arm-none-eabi/8.1.0/thumb\libgcc.a(_divsi3.o) (__aeabi_idiv0)
c:/devkitpro/devkitarm/bin/../lib/gcc/arm-none-eabi/8.1.0/thumb\libgcc.a(_arm_addsubsf3.o)
                              gba_Math.o (__aeabi_i2f)
c:/devkitpro/devkitarm/bin/../lib/gcc/arm-none-eabi/8.1.0/thumb\libgcc.a(_arm_muldivsf3.o)
                              gba_Math.o (__aeabi_fmul)
c:/devkitpro/devkitarm/bin/../lib/gcc/arm-none-eabi/8.1.0/thumb\libgcc.a(_arm_fixsfsi.o)
                              gba_Math.o (__aeabi_f2iz)
c:/devkitpro/devkitarm/bin/../lib/gcc/arm-none-eabi/8.1.0/../../../../arm-none-eabi/lib/thumb\libg.a(lib_a-init.o)
                              c:/devkitpro/devkitarm/bin/../lib/gcc/arm-none-eabi/8.1.0/../../../../arm-none-eabi/lib/thumb/gba_crt0.o (__libc_init_array)
c:/devkitpro/devkitarm/bin/../lib/gcc/arm-none-eabi/8.1.0/../../../../arm-none-eabi/lib/thumb\libg.a(lib_a-memcpy-stub.o)
                              gba_Background.o (memcpy)
c:/devkitpro/devkitarm/bin/../lib/gcc/arm-none-eabi/8.1.0/../../../../arm-none-eabi/lib/thumb\libsysbase.a(malloc_vars.o)
                              c:/devkitpro/devkitarm/bin/../lib/gcc/arm-none-eabi/8.1.0/../../../../arm-none-eabi/lib/thumb/gba_crt0.o (fake_heap_end)

Allocating common symbols
Common symbol       size              file

STATES              0x1               main.o
gamestate           0x1               GameStates.o
obj_buffer          0x400             gba_OAM.o

Discarded input sections

 .text          0x0000000000000000        0x0 c:/devkitpro/devkitarm/bin/../lib/gcc/arm-none-eabi/8.1.0/../../../../arm-none-eabi/lib/thumb/gba_crt0.o
 .data          0x0000000000000000        0x0 c:/devkitpro/devkitarm/bin/../lib/gcc/arm-none-eabi/8.1.0/../../../../arm-none-eabi/lib/thumb/gba_crt0.o
 .bss           0x0000000000000000        0x0 c:/devkitpro/devkitarm/bin/../lib/gcc/arm-none-eabi/8.1.0/../../../../arm-none-eabi/lib/thumb/gba_crt0.o
 .text          0x0000000000000000        0x0 c:/devkitpro/devkitarm/bin/../lib/gcc/arm-none-eabi/8.1.0/thumb/crti.o
 .data          0x0000000000000000        0x0 c:/devkitpro/devkitarm/bin/../lib/gcc/arm-none-eabi/8.1.0/thumb/crti.o
 .bss           0x0000000000000000        0x0 c:/devkitpro/devkitarm/bin/../lib/gcc/arm-none-eabi/8.1.0/thumb/crti.o
 .text          0x0000000000000000        0x0 c:/devkitpro/devkitarm/bin/../lib/gcc/arm-none-eabi/8.1.0/thumb/crtbegin.o
 .data          0x0000000000000000        0x0 c:/devkitpro/devkitarm/bin/../lib/gcc/arm-none-eabi/8.1.0/thumb/crtbegin.o
 .bss           0x0000000000000000        0x0 c:/devkitpro/devkitarm/bin/../lib/gcc/arm-none-eabi/8.1.0/thumb/crtbegin.o
 .data.__dso_handle
                0x0000000000000000        0x4 c:/devkitpro/devkitarm/bin/../lib/gcc/arm-none-eabi/8.1.0/thumb/crtbegin.o
 .bss           0x0000000000000000        0x0 gba_Video.o
 .data          0x0000000000000000        0x0 gba_Math.o
 .bss           0x0000000000000000        0x0 gba_Math.o
 .text          0x0000000000000000        0x0 SeasonTree.o
 .data          0x0000000000000000        0x0 SeasonTree.o
 .bss           0x0000000000000000        0x0 SeasonTree.o
 .data          0x0000000000000000        0x0 gba_Background.o
 .bss           0x0000000000000000        0x0 gba_Background.o
 .text          0x0000000000000000        0x0 Pause.o
 .data          0x0000000000000000        0x0 Pause.o
 .bss           0x0000000000000000        0x0 Pause.o
 .text          0x0000000000000000        0x0 PlayerSprite1.o
 .data          0x0000000000000000        0x0 PlayerSprite1.o
 .bss           0x0000000000000000        0x0 PlayerSprite1.o
 .text          0x0000000000000000        0x0 sinlut.o
 .data          0x0000000000000000        0x0 sinlut.o
 .bss           0x0000000000000000        0x0 sinlut.o
 .text          0x0000000000000000        0x0 Intro4.o
 .data          0x0000000000000000        0x0 Intro4.o
 .bss           0x0000000000000000        0x0 Intro4.o
 .text          0x0000000000000000        0x0 TileSet.o
 .data          0x0000000000000000        0x0 TileSet.o
 .bss           0x0000000000000000        0x0 TileSet.o
 .rodata        0x0000000000000000      0xd20 TileSet.o
 .debug_info    0x0000000000000000      0x209 TileSet.o
 .debug_abbrev  0x0000000000000000       0x69 TileSet.o
 .debug_aranges
                0x0000000000000000       0x18 TileSet.o
 .debug_line    0x0000000000000000       0x4e TileSet.o
 .debug_str     0x0000000000000000      0x210 TileSet.o
 .comment       0x0000000000000000       0x23 TileSet.o
 .text          0x0000000000000000        0x0 gba_MathUtil.o
 .bss           0x0000000000000000        0x0 gba_MathUtil.o
 .text          0x0000000000000000        0x0 Intro2.o
 .data          0x0000000000000000        0x0 Intro2.o
 .bss           0x0000000000000000        0x0 Intro2.o
 .text          0x0000000000000000        0x0 particles.o
 .data          0x0000000000000000        0x0 particles.o
 .bss           0x0000000000000000        0x0 particles.o
 .text          0x0000000000000000        0x0 MainMenu.o
 .data          0x0000000000000000        0x0 MainMenu.o
 .bss           0x0000000000000000        0x0 MainMenu.o
 .text          0x0000000000000000      0x1e4 gba_Drawings.o
 .data          0x0000000000000000        0x0 gba_Drawings.o
 .bss           0x0000000000000000        0x0 gba_Drawings.o
 .debug_info    0x0000000000000000      0x456 gba_Drawings.o
 .debug_abbrev  0x0000000000000000      0x16b gba_Drawings.o
 .debug_loc     0x0000000000000000      0xab0 gba_Drawings.o
 .debug_aranges
                0x0000000000000000       0x20 gba_Drawings.o
 .debug_ranges  0x0000000000000000       0xb0 gba_Drawings.o
 .debug_line    0x0000000000000000      0x46f gba_Drawings.o
 .debug_str     0x0000000000000000      0x240 gba_Drawings.o
 .comment       0x0000000000000000       0x23 gba_Drawings.o
 .debug_frame   0x0000000000000000       0x80 gba_Drawings.o
 .data          0x0000000000000000        0x0 gba_OAM.o
 .bss           0x0000000000000000        0x0 gba_OAM.o
 .rodata        0x0000000000000000        0x4 gba_OAM.o
 .text          0x0000000000000000        0x0 main.o
 .data          0x0000000000000000        0x0 main.o
 .bss           0x0000000000000000        0x0 main.o
 COMMON         0x0000000000000000        0x1 main.o
 .text          0x0000000000000000        0x0 Intro1.o
 .data          0x0000000000000000        0x0 Intro1.o
 .bss           0x0000000000000000        0x0 Intro1.o
 .text          0x0000000000000000        0x0 Intro5.o
 .data          0x0000000000000000        0x0 Intro5.o
 .bss           0x0000000000000000        0x0 Intro5.o
 .text          0x0000000000000000        0x0 gba_Input.o
 .data          0x0000000000000000        0x0 gba_Input.o
 .data          0x0000000000000000        0x0 gba_Collision.o
 .bss           0x0000000000000000        0x0 gba_Collision.o
 .data          0x0000000000000000        0x0 ParticleEffects.o
 .bss           0x0000000000000000        0x0 ParticleEffects.o
 .data          0x0000000000000000        0x4 GameStates.o
 .bss           0x0000000000000000        0x0 GameStates.o
 .text          0x0000000000000000        0x0 Intro3.o
 .data          0x0000000000000000        0x0 Intro3.o
 .bss           0x0000000000000000        0x0 Intro3.o
 .data          0x0000000000000000        0x0 c:/devkitpro/devkitarm/bin/../lib/gcc/arm-none-eabi/8.1.0/thumb\libgcc.a(_divsi3.o)
 .bss           0x0000000000000000        0x0 c:/devkitpro/devkitarm/bin/../lib/gcc/arm-none-eabi/8.1.0/thumb\libgcc.a(_divsi3.o)
 .data          0x0000000000000000        0x0 c:/devkitpro/devkitarm/bin/../lib/gcc/arm-none-eabi/8.1.0/thumb\libgcc.a(_dvmd_tls.o)
 .bss           0x0000000000000000        0x0 c:/devkitpro/devkitarm/bin/../lib/gcc/arm-none-eabi/8.1.0/thumb\libgcc.a(_dvmd_tls.o)
 .data          0x0000000000000000        0x0 c:/devkitpro/devkitarm/bin/../lib/gcc/arm-none-eabi/8.1.0/thumb\libgcc.a(_arm_addsubsf3.o)
 .bss           0x0000000000000000        0x0 c:/devkitpro/devkitarm/bin/../lib/gcc/arm-none-eabi/8.1.0/thumb\libgcc.a(_arm_addsubsf3.o)
 .data          0x0000000000000000        0x0 c:/devkitpro/devkitarm/bin/../lib/gcc/arm-none-eabi/8.1.0/thumb\libgcc.a(_arm_muldivsf3.o)
 .bss           0x0000000000000000        0x0 c:/devkitpro/devkitarm/bin/../lib/gcc/arm-none-eabi/8.1.0/thumb\libgcc.a(_arm_muldivsf3.o)
 .data          0x0000000000000000        0x0 c:/devkitpro/devkitarm/bin/../lib/gcc/arm-none-eabi/8.1.0/thumb\libgcc.a(_arm_fixsfsi.o)
 .bss           0x0000000000000000        0x0 c:/devkitpro/devkitarm/bin/../lib/gcc/arm-none-eabi/8.1.0/thumb\libgcc.a(_arm_fixsfsi.o)
 .text          0x0000000000000000        0x0 c:/devkitpro/devkitarm/bin/../lib/gcc/arm-none-eabi/8.1.0/../../../../arm-none-eabi/lib/thumb\libg.a(lib_a-init.o)
 .data          0x0000000000000000        0x0 c:/devkitpro/devkitarm/bin/../lib/gcc/arm-none-eabi/8.1.0/../../../../arm-none-eabi/lib/thumb\libg.a(lib_a-init.o)
 .bss           0x0000000000000000        0x0 c:/devkitpro/devkitarm/bin/../lib/gcc/arm-none-eabi/8.1.0/../../../../arm-none-eabi/lib/thumb\libg.a(lib_a-init.o)
 .text          0x0000000000000000        0x0 c:/devkitpro/devkitarm/bin/../lib/gcc/arm-none-eabi/8.1.0/../../../../arm-none-eabi/lib/thumb\libg.a(lib_a-memcpy-stub.o)
 .data          0x0000000000000000        0x0 c:/devkitpro/devkitarm/bin/../lib/gcc/arm-none-eabi/8.1.0/../../../../arm-none-eabi/lib/thumb\libg.a(lib_a-memcpy-stub.o)
 .bss           0x0000000000000000        0x0 c:/devkitpro/devkitarm/bin/../lib/gcc/arm-none-eabi/8.1.0/../../../../arm-none-eabi/lib/thumb\libg.a(lib_a-memcpy-stub.o)
 .text          0x0000000000000000        0x0 c:/devkitpro/devkitarm/bin/../lib/gcc/arm-none-eabi/8.1.0/../../../../arm-none-eabi/lib/thumb\libsysbase.a(malloc_vars.o)
 .data          0x0000000000000000        0x0 c:/devkitpro/devkitarm/bin/../lib/gcc/arm-none-eabi/8.1.0/../../../../arm-none-eabi/lib/thumb\libsysbase.a(malloc_vars.o)
 .bss           0x0000000000000000        0x0 c:/devkitpro/devkitarm/bin/../lib/gcc/arm-none-eabi/8.1.0/../../../../arm-none-eabi/lib/thumb\libsysbase.a(malloc_vars.o)
 .bss.fake_heap_start
                0x0000000000000000        0x4 c:/devkitpro/devkitarm/bin/../lib/gcc/arm-none-eabi/8.1.0/../../../../arm-none-eabi/lib/thumb\libsysbase.a(malloc_vars.o)
 .text          0x0000000000000000        0x0 c:/devkitpro/devkitarm/bin/../lib/gcc/arm-none-eabi/8.1.0/thumb/crtend.o
 .data          0x0000000000000000        0x0 c:/devkitpro/devkitarm/bin/../lib/gcc/arm-none-eabi/8.1.0/thumb/crtend.o
 .bss           0x0000000000000000        0x0 c:/devkitpro/devkitarm/bin/../lib/gcc/arm-none-eabi/8.1.0/thumb/crtend.o
 .text          0x0000000000000000        0x0 c:/devkitpro/devkitarm/bin/../lib/gcc/arm-none-eabi/8.1.0/thumb/crtn.o
 .data          0x0000000000000000        0x0 c:/devkitpro/devkitarm/bin/../lib/gcc/arm-none-eabi/8.1.0/thumb/crtn.o
 .bss           0x0000000000000000        0x0 c:/devkitpro/devkitarm/bin/../lib/gcc/arm-none-eabi/8.1.0/thumb/crtn.o

Memory Configuration

Name             Origin             Length             Attributes
rom              0x0000000008000000 0x0000000002000000
iwram            0x0000000003000000 0x0000000000008000
ewram            0x0000000002000000 0x0000000000040000
*default*        0x0000000000000000 0xffffffffffffffff

Linker script and memory map

                0x0000000008000000                __text_start = ORIGIN (rom)
                0x0000000002040000                __eheap_end = (ORIGIN (ewram) + LENGTH (ewram))
                0x0000000003000000                __iwram_start = ORIGIN (iwram)
                0x0000000003008000                __iwram_top = (ORIGIN (iwram) + LENGTH (iwram))
                0x0000000003007fa0                __sp_irq = (__iwram_top - 0x60)
                0x0000000003007f00                __sp_usr = (__sp_irq - 0xa0)
                0x0000000003007ff8                __irq_flags = 0x3007ff8
                0x0000000008000000                . = __text_start

.crt0           0x0000000008000000      0x210
 *(.crt0)
 .crt0          0x0000000008000000      0x210 c:/devkitpro/devkitarm/bin/../lib/gcc/arm-none-eabi/8.1.0/../../../../arm-none-eabi/lib/thumb/gba_crt0.o
                0x0000000008000000                _start
                0x00000000080000c4                __boot_method
                0x00000000080000c5                __slave_number
                0x00000000080000e0                start_vector
                0x0000000008000210                . = ALIGN (0x4)

.init           0x0000000008000210        0xc
 *(SORT_NONE(.init))
 .init          0x0000000008000210        0x4 c:/devkitpro/devkitarm/bin/../lib/gcc/arm-none-eabi/8.1.0/thumb/crti.o
                0x0000000008000210                _init
 .init          0x0000000008000214        0x8 c:/devkitpro/devkitarm/bin/../lib/gcc/arm-none-eabi/8.1.0/thumb/crtn.o

.plt            0x000000000800021c        0x0
 *(.plt)
                0x000000000800021c                . = ALIGN (0x4)

.text           0x0000000008000220     0x18f8
 *(EXCLUDE_FILE(*.iwram*) .text)
 .text          0x0000000008000220       0x78 gba_Video.o
                0x0000000008000220                page_flip
                0x0000000008000240                setBG_Control_Register
 .text          0x0000000008000298       0x8c gba_Math.o
                0x0000000008000298                int2fix
                0x000000000800029c                float2fix
                0x00000000080002b0                fix2uint
                0x00000000080002b4                fix2ufrac
                0x00000000080002bc                fix2int
                0x00000000080002c8                fix2float
                0x00000000080002dc                fixAdd
                0x00000000080002e0                fixSub
                0x00000000080002e4                fixMul
                0x00000000080002f0                fixDiv
                0x0000000008000300                lu_sin
                0x0000000008000310                lu_cos
 .text          0x0000000008000324      0x374 gba_Background.o
                0x0000000008000324                CheckBackgroundCollision
                0x0000000008000348                LoadMovingBackgroundGreen
                0x00000000080003b0                LoadFloorBackgroundGreen
                0x000000000800041c                LoadMovingBackgroundRed
                0x0000000008000484                LoadFloorBackgroundRed
                0x00000000080004f0                LoadMovingBackgroundBlue
                0x0000000008000558                LoadFloorBackgroundBlue
                0x00000000080005c4                LoadMovingBackgroundWhite
                0x000000000800062c                LoadFloorBackgroundWhite
 .text          0x0000000008000698      0x140 gba_OAM.o
                0x0000000008000698                obj_hide
                0x00000000080006ac                obj_unhide
                0x00000000080006c4                oam_init
                0x000000000800070c                oam_copy
                0x0000000008000774                obj_aff_identity
                0x000000000800078c                obj_aff_rotscale
 .text          0x00000000080007d8       0x30 gba_Collision.o
                0x00000000080007d8                CheckCollision
                0x00000000080007dc                CheckCollisionCube
 .text          0x0000000008000808      0x1cc ParticleEffects.o
                0x0000000008000808                EmitParticle
                0x0000000008000938                UpdateParticle
 .text          0x00000000080009d4      0x808 GameStates.o
                0x00000000080009d4                Game
                0x0000000008000fd8                MainMenu
                0x0000000008001038                Intro
                0x0000000008001158                Pause
 .text          0x00000000080011dc      0x150 c:/devkitpro/devkitarm/bin/../lib/gcc/arm-none-eabi/8.1.0/thumb\libgcc.a(_divsi3.o)
                0x00000000080011dc                __divsi3
                0x00000000080011dc                __aeabi_idiv
                0x000000000800130c                __aeabi_idivmod
 .text          0x000000000800132c        0x4 c:/devkitpro/devkitarm/bin/../lib/gcc/arm-none-eabi/8.1.0/thumb\libgcc.a(_dvmd_tls.o)
                0x000000000800132c                __aeabi_idiv0
                0x000000000800132c                __aeabi_ldiv0
 .text          0x0000000008001330      0x2ac c:/devkitpro/devkitarm/bin/../lib/gcc/arm-none-eabi/8.1.0/thumb\libgcc.a(_arm_addsubsf3.o)
                0x0000000008001330                __aeabi_frsub
                0x0000000008001338                __subsf3
                0x0000000008001338                __aeabi_fsub
                0x000000000800133c                __aeabi_fadd
                0x000000000800133c                __addsf3
                0x00000000080014f8                __aeabi_ui2f
                0x00000000080014f8                __floatunsisf
                0x0000000008001500                __aeabi_i2f
                0x0000000008001500                __floatsisf
                0x0000000008001520                __aeabi_ul2f
                0x0000000008001520                __floatundisf
                0x0000000008001530                __aeabi_l2f
                0x0000000008001530                __floatdisf
 .text          0x00000000080015dc      0x2f8 c:/devkitpro/devkitarm/bin/../lib/gcc/arm-none-eabi/8.1.0/thumb\libgcc.a(_arm_muldivsf3.o)
                0x00000000080015dc                __mulsf3
                0x00000000080015dc                __aeabi_fmul
                0x0000000008001774                __aeabi_fdiv
                0x0000000008001774                __divsf3
 .text          0x00000000080018d4       0x5c c:/devkitpro/devkitarm/bin/../lib/gcc/arm-none-eabi/8.1.0/thumb\libgcc.a(_arm_fixsfsi.o)
                0x00000000080018d4                __aeabi_f2iz
                0x00000000080018d4                __fixsfsi
 *(.text .stub .text.* .gnu.linkonce.t.*)
 .text.deregister_tm_clones
                0x0000000008001930       0x2c c:/devkitpro/devkitarm/bin/../lib/gcc/arm-none-eabi/8.1.0/thumb/crtbegin.o
 .text.register_tm_clones
                0x000000000800195c       0x34 c:/devkitpro/devkitarm/bin/../lib/gcc/arm-none-eabi/8.1.0/thumb/crtbegin.o
 .text.__do_global_dtors_aux
                0x0000000008001990       0x30 c:/devkitpro/devkitarm/bin/../lib/gcc/arm-none-eabi/8.1.0/thumb/crtbegin.o
 .text.frame_dummy
                0x00000000080019c0       0x28 c:/devkitpro/devkitarm/bin/../lib/gcc/arm-none-eabi/8.1.0/thumb/crtbegin.o
 .text.startup  0x00000000080019e8       0x10 main.o
                0x00000000080019e8                main
 .text.__libc_init_array
                0x00000000080019f8       0x50 c:/devkitpro/devkitarm/bin/../lib/gcc/arm-none-eabi/8.1.0/../../../../arm-none-eabi/lib/thumb\libg.a(lib_a-init.o)
                0x00000000080019f8                __libc_init_array
 .text.memcpy   0x0000000008001a48       0x9c c:/devkitpro/devkitarm/bin/../lib/gcc/arm-none-eabi/8.1.0/../../../../arm-none-eabi/lib/thumb\libg.a(lib_a-memcpy-stub.o)
                0x0000000008001a48                memcpy
 *fill*         0x0000000008001ae4        0x4 ff
 .text.memcpy.__stub
                0x0000000008001ae8       0x2c linker stubs
 *(.text.*personality*)
 *(.gnu.warning)
 *(.glue_7t)
 .glue_7t       0x0000000008001b18        0x0 linker stubs
 *(.glue_7)
 .glue_7        0x0000000008001b18        0x0 linker stubs
 *(.vfp11_veneer)
 .vfp11_veneer  0x0000000008001b18        0x0 linker stubs
                0x0000000008001b18                . = ALIGN (0x4)
                0x0000000008001b18                __text_end = .

.v4_bx          0x0000000008001b18        0x0
 .v4_bx         0x0000000008001b18        0x0 linker stubs

.iplt           0x0000000008001b18        0x0
 .iplt          0x0000000008001b18        0x0 c:/devkitpro/devkitarm/bin/../lib/gcc/arm-none-eabi/8.1.0/../../../../arm-none-eabi/lib/thumb/gba_crt0.o

.fini           0x0000000008001b18        0xc
 *(.fini)
 .fini          0x0000000008001b18        0x4 c:/devkitpro/devkitarm/bin/../lib/gcc/arm-none-eabi/8.1.0/thumb/crti.o
                0x0000000008001b18                _fini
 .fini          0x0000000008001b1c        0x8 c:/devkitpro/devkitarm/bin/../lib/gcc/arm-none-eabi/8.1.0/thumb/crtn.o
                0x0000000008001b24                . = ALIGN (0x4)

.rodata         0x0000000008001b24    0x49240
 *(.rodata)
 .rodata        0x0000000008001b24      0x880 SeasonTree.o
                0x0000000008001b24                SeasonTreeSummerPal
                0x0000000008001b44                SeasonTreeSummerTiles
                0x0000000008001d44                SeasonTreeColdPal
                0x0000000008001d64                SeasonTreeColdTiles
                0x0000000008001f64                SeasonTreeSpringPal
                0x0000000008001f84                SeasonTreeSpringTiles
                0x0000000008002184                SeasonTreePal
                0x00000000080021a4                SeasonTreeTiles
 .rodata        0x00000000080023a4     0x60e0 gba_Background.o
                0x00000000080023a4                bgCollision
                0x0000000008002ba4                bgTilesWhite
                0x0000000008002fa4                bgTilesBlue
                0x0000000008003384                bgTilesRed
                0x0000000008003844                bgTiles
                0x0000000008003c84                bgPaletteWhite
                0x0000000008003e84                bgPaletteBlue
                0x0000000008004084                bgPaletteRed
                0x0000000008004284                bgPalette
                0x0000000008004484                bgMap2White
                0x0000000008004c84                bgMap1White
                0x0000000008005484                bgMap2Blue
                0x0000000008005c84                bgMap1Blue
                0x0000000008006484                bgMap2Red
                0x0000000008006c84                bgMap1Red
                0x0000000008007484                bgMap2
                0x0000000008007c84                bgMap1
 .rodata        0x0000000008008484     0x9620 Pause.o
                0x0000000008008484                PausePal
                0x00000000080084a4                PauseBitmap
 .rodata        0x0000000008011aa4      0x780 PlayerSprite1.o
                0x0000000008011aa4                PlayerSprite12Pal
                0x0000000008011ac4                PlayerSprite11Pal
                0x0000000008011ae4                PlayerSprite10Pal
                0x0000000008011b04                PlayerSprite9Pal
                0x0000000008011b24                PlayerSprite8Pal
                0x0000000008011b44                PlayerSprite7Pal
                0x0000000008011b64                PlayerSprite6Pal
                0x0000000008011b84                PlayerSprite5Pal
                0x0000000008011ba4                PlayerSprite4Pal
                0x0000000008011bc4                PlayerSprite3Pal
                0x0000000008011be4                PlayerSprite2Pal
                0x0000000008011c04                PlayerSprite1Pal
                0x0000000008011c24                PlayerSprite1Tiles
 .rodata        0x0000000008012224      0x400 sinlut.o
                0x0000000008012224                sin_lut
 .rodata        0x0000000008012624     0x9620 Intro4.o
                0x0000000008012624                Intro4Pal
                0x0000000008012644                Intro4Bitmap
 .rodata        0x000000000801bc44     0x9620 Intro2.o
                0x000000000801bc44                Intro2Pal
                0x000000000801bc64                Intro2Bitmap
 .rodata        0x0000000008025264      0x280 particles.o
                0x0000000008025264                particlesPal4
                0x0000000008025284                particlesPal
                0x00000000080252a4                particlesPal2
                0x00000000080252c4                particlesPal3
                0x00000000080252e4                particlesTiles
 .rodata        0x00000000080254e4     0x9620 MainMenu.o
                0x00000000080254e4                MainMenuPal
                0x0000000008025504                MainMenuBitmap
 .rodata        0x000000000802eb04     0x9620 Intro1.o
                0x000000000802eb04                Intro1Pal
                0x000000000802eb24                Intro1Bitmap
 .rodata        0x0000000008038124     0x9620 Intro5.o
                0x0000000008038124                Intro5Pal
                0x0000000008038144                Intro5Bitmap
 .rodata        0x0000000008041744     0x9620 Intro3.o
                0x0000000008041744                Intro3Pal
                0x0000000008041764                Intro3Bitmap
 *all.rodata*(*)
 *(.roda)
 *(.rodata.*)
 *(.gnu.linkonce.r*)
                0x000000000804ad64                . = ALIGN (0x4)

.ARM.extab
 *(.ARM.extab* .gnu.linkonce.armextab.*)
                0x000000000804ad64                __exidx_start = .

.ARM.exidx
 *(.ARM.exidx* .gnu.linkonce.armexidx.*)
                0x000000000804ad64                __exidx_end = .

.ctors          0x000000000804ad64        0x0
 *crtbegin.o(.ctors)
 *(EXCLUDE_FILE(*crtend.o) .ctors)
 *(SORT_BY_NAME(.ctors.*))
 *(.ctors)
                0x000000000804ad64                . = ALIGN (0x4)

.dtors          0x000000000804ad64        0x0
 *crtbegin.o(.dtors)
 *(EXCLUDE_FILE(*crtend.o) .dtors)
 *(SORT_BY_NAME(.dtors.*))
 *(.dtors)
                0x000000000804ad64                . = ALIGN (0x4)

.eh_frame       0x000000000804ad64        0x4
 *(.eh_frame)
 .eh_frame      0x000000000804ad64        0x0 c:/devkitpro/devkitarm/bin/../lib/gcc/arm-none-eabi/8.1.0/thumb/crtbegin.o
 .eh_frame      0x000000000804ad64        0x4 c:/devkitpro/devkitarm/bin/../lib/gcc/arm-none-eabi/8.1.0/thumb/crtend.o
                0x000000000804ad68                . = ALIGN (0x4)

.rel.dyn        0x000000000804ad68        0x0
 .rel.iplt      0x000000000804ad68        0x0 c:/devkitpro/devkitarm/bin/../lib/gcc/arm-none-eabi/8.1.0/../../../../arm-none-eabi/lib/thumb/gba_crt0.o

.gcc_except_table
                0x000000000804ad68        0x0
 *(.gcc_except_table)
                0x000000000804ad68                . = ALIGN (0x4)
                0x000000000804ad68                __iwram_lma = .

.iwram          0x0000000003000000        0x0 load address 0x000000000804ad68
                0x0000000003000000                __iwram_start__ = ABSOLUTE (.)
 *(.iwram)
 *iwram.*(.text)
                0x0000000003000000                . = ALIGN (0x4)
                0x0000000003000000                __iwram_end__ = ABSOLUTE (.)
                0x000000000804ad68                __data_lma = (__iwram_lma + SIZEOF (.iwram))

.bss            0x0000000003000000      0x428
                0x0000000003000000                __bss_start = ABSOLUTE (.)
                0x0000000003000000                __bss_start__ = ABSOLUTE (.)
 *(.dynbss)
 *(.gnu.linkonce.b*)
 *(.bss*)
 .bss.completed.9040
                0x0000000003000000        0x1 c:/devkitpro/devkitarm/bin/../lib/gcc/arm-none-eabi/8.1.0/thumb/crtbegin.o
 *fill*         0x0000000003000001        0x3 
 .bss.object.9045
                0x0000000003000004       0x18 c:/devkitpro/devkitarm/bin/../lib/gcc/arm-none-eabi/8.1.0/thumb/crtbegin.o
 .bss           0x000000000300001c        0x4 gba_Input.o
                0x000000000300001c                __input_prevKeys
                0x000000000300001e                __input_currKeys
 .bss.fake_heap_end
                0x0000000003000020        0x4 c:/devkitpro/devkitarm/bin/../lib/gcc/arm-none-eabi/8.1.0/../../../../arm-none-eabi/lib/thumb\libsysbase.a(malloc_vars.o)
                0x0000000003000020                fake_heap_end
 *(COMMON)
 COMMON         0x0000000003000024      0x400 gba_OAM.o
                0x0000000003000024                obj_buffer
 COMMON         0x0000000003000424        0x1 GameStates.o
                0x0000000003000424                gamestate
                0x0000000003000428                . = ALIGN (0x4)
 *fill*         0x0000000003000425        0x3 
                0x0000000003000428                __bss_end__ = ABSOLUTE (.)

.data           0x0000000003000428       0x14 load address 0x000000000804ad68
                0x0000000003000428                __data_start__ = ABSOLUTE (.)
 *(.data)
 .data          0x0000000003000428        0x4 gba_Video.o
                0x0000000003000428                __vid_page
 .data          0x000000000300042c       0x10 gba_MathUtil.o
                0x000000000300042c                __pixel2Meters
                0x0000000003000430                __frameTime
                0x0000000003000434                __gravity
                0x0000000003000438                __qran_seed
 *(.data.*)
 *(.gnu.linkonce.d*)
                0x000000000300043c                . = ALIGN (0x4)
                0x000000000804ad7c                __preinit_lma = (__data_lma + SIZEOF (.data))

.igot.plt       0x000000000300043c        0x0 load address 0x000000000804ad7c
 .igot.plt      0x000000000300043c        0x0 c:/devkitpro/devkitarm/bin/../lib/gcc/arm-none-eabi/8.1.0/../../../../arm-none-eabi/lib/thumb/gba_crt0.o

.tm_clone_table
                0x000000000300043c        0x0 load address 0x000000000804ad7c
 .tm_clone_table
                0x000000000300043c        0x0 c:/devkitpro/devkitarm/bin/../lib/gcc/arm-none-eabi/8.1.0/thumb/crtbegin.o
 .tm_clone_table
                0x000000000300043c        0x0 c:/devkitpro/devkitarm/bin/../lib/gcc/arm-none-eabi/8.1.0/thumb/crtend.o

.preinit_array  0x000000000300043c        0x0 load address 0x000000000804ad7c
                0x000000000300043c                __preinit_array_start = ABSOLUTE (.)
 *(.preinit_array)
                0x000000000300043c                __preinit_array_end = ABSOLUTE (.)
                0x000000000804ad7c                __init_lma = (__preinit_lma + SIZEOF (.preinit_array))

.init_array     0x000000000300043c        0x4 load address 0x000000000804ad7c
                0x000000000300043c                __init_array_start = ABSOLUTE (.)
 *(SORT_BY_NAME(.init_array.*))
 *(.init_array)
 .init_array    0x000000000300043c        0x4 c:/devkitpro/devkitarm/bin/../lib/gcc/arm-none-eabi/8.1.0/thumb/crtbegin.o
                0x0000000003000440                __init_array_end = ABSOLUTE (.)
                0x000000000804ad80                __fini_lma = (__init_lma + SIZEOF (.init_array))

.fini_array     0x0000000003000440        0x4 load address 0x000000000804ad80
                0x0000000003000440                __fini_array_start = ABSOLUTE (.)
 *(SORT_BY_NAME(.fini_array.*))
 *(.fini_array)
 .fini_array    0x0000000003000440        0x4 c:/devkitpro/devkitarm/bin/../lib/gcc/arm-none-eabi/8.1.0/thumb/crtbegin.o
                0x0000000003000444                __fini_array_end = ABSOLUTE (.)
                0x000000000804ad84                __jcr_lma = (__fini_lma + SIZEOF (.fini_array))

.jcr            0x0000000003000444        0x0 load address 0x000000000804ad84
 *(.jcr)
                0x0000000003000444                __data_end__ = ABSOLUTE (.)
                0x000000000804ad84                __iwram_overlay_lma = (__jcr_lma + SIZEOF (.jcr))
                0x0000000003000444                __iwram_overlay_start = .

.iwram0         0x0000000003000444        0x0 load address 0x000000000804ad84
 *(.iwram0)
                0x0000000003000444                . = ALIGN (0x4)
                0x000000000804ad84                PROVIDE (__load_start_iwram0 = LOADADDR (.iwram0))
                0x000000000804ad84                PROVIDE (__load_stop_iwram0 = (LOADADDR (.iwram0) + SIZEOF (.iwram0)))

.iwram1         0x0000000003000444        0x0
 *(.iwram1)
                0x0000000003000444                . = ALIGN (0x4)
                [!provide]                        PROVIDE (__load_start_iwram1 = LOADADDR (.iwram1))
                [!provide]                        PROVIDE (__load_stop_iwram1 = (LOADADDR (.iwram1) + SIZEOF (.iwram1)))

.iwram2         0x0000000003000444        0x0
 *(.iwram2)
                0x0000000003000444                . = ALIGN (0x4)
                [!provide]                        PROVIDE (__load_start_iwram2 = LOADADDR (.iwram2))
                [!provide]                        PROVIDE (__load_stop_iwram2 = (LOADADDR (.iwram2) + SIZEOF (.iwram2)))

.iwram3         0x0000000003000444        0x0
 *(.iwram3)
                0x0000000003000444                . = ALIGN (0x4)
                [!provide]                        PROVIDE (__load_start_iwram3 = LOADADDR (.iwram3))
                [!provide]                        PROVIDE (__load_stop_iwram3 = (LOADADDR (.iwram3) + SIZEOF (.iwram3)))

.iwram4         0x0000000003000444        0x0
 *(.iwram4)
                0x0000000003000444                . = ALIGN (0x4)
                [!provide]                        PROVIDE (__load_start_iwram4 = LOADADDR (.iwram4))
                [!provide]                        PROVIDE (__load_stop_iwram4 = (LOADADDR (.iwram4) + SIZEOF (.iwram4)))

.iwram5         0x0000000003000444        0x0
 *(.iwram5)
                0x0000000003000444                . = ALIGN (0x4)
                [!provide]                        PROVIDE (__load_start_iwram5 = LOADADDR (.iwram5))
                [!provide]                        PROVIDE (__load_stop_iwram5 = (LOADADDR (.iwram5) + SIZEOF (.iwram5)))

.iwram6         0x0000000003000444        0x0
 *(.iwram6)
                0x0000000003000444                . = ALIGN (0x4)
                [!provide]                        PROVIDE (__load_start_iwram6 = LOADADDR (.iwram6))
                [!provide]                        PROVIDE (__load_stop_iwram6 = (LOADADDR (.iwram6) + SIZEOF (.iwram6)))

.iwram7         0x0000000003000444        0x0
 *(.iwram7)
                0x0000000003000444                . = ALIGN (0x4)
                [!provide]                        PROVIDE (__load_start_iwram7 = LOADADDR (.iwram7))
                [!provide]                        PROVIDE (__load_stop_iwram7 = (LOADADDR (.iwram7) + SIZEOF (.iwram7)))

.iwram8         0x0000000003000444        0x0
 *(.iwram8)
                0x0000000003000444                . = ALIGN (0x4)
                [!provide]                        PROVIDE (__load_start_iwram8 = LOADADDR (.iwram8))
                [!provide]                        PROVIDE (__load_stop_iwram8 = (LOADADDR (.iwram8) + SIZEOF (.iwram8)))

.iwram9         0x0000000003000444        0x0
 *(.iwram9)
                0x0000000003000444                . = ALIGN (0x4)
                [!provide]                        PROVIDE (__load_start_iwram9 = LOADADDR (.iwram9))
                [!provide]                        PROVIDE (__load_stop_iwram9 = (LOADADDR (.iwram9) + SIZEOF (.iwram9)))
                0x0000000003000444                __iwram_overlay_end = .
                0x000000000804ad84                __ewram_lma = (__iwram_overlay_lma + (__iwram_overlay_end - __iwram_overlay_start))
                0x0000000003000444                __iheap_start = .
                0x0000000002000000                __ewram_start = ORIGIN (ewram)

.ewram          0x0000000002000000        0x0 load address 0x000000000804ad84
 *(.ewram)
                0x0000000002000000                . = ALIGN (0x4)
                0x0000000002000000                __ewram_end = ABSOLUTE (.)
                0x000000000804ad84                __pad_lma = (__ewram_lma + SIZEOF (.ewram))

.sbss           0x0000000002000000        0x0
                0x0000000002000000                __sbss_start__ = ABSOLUTE (.)
 *(.sbss)
                0x0000000002000000                . = ALIGN (0x4)
                0x0000000002000000                __sbss_end__ = ABSOLUTE (.)
                0x0000000002000000                __end__ = ABSOLUTE (.)
                0x0000000002000000                __eheap_start = ABSOLUTE (.)

.pad            0x0000000002000000        0x8 load address 0x000000000804ad84
                0x0000000002000000        0x4 LONG 0x52416b64
                0x0000000002000004        0x4 LONG 0x4d
                0x0000000002000008                . = ALIGN (0x4)
                0x000000000804ad8c                __rom_end__ = (__pad_lma + SIZEOF (.pad))

.stab
 *(.stab)

.stabstr
 *(.stabstr)

.stab.excl
 *(.stab.excl)

.stab.exclstr
 *(.stab.exclstr)

.stab.index
 *(.stab.index)

.stab.indexstr
 *(.stab.indexstr)

.comment        0x0000000000000000       0x22
 *(.comment)
 .comment       0x0000000000000000       0x22 c:/devkitpro/devkitarm/bin/../lib/gcc/arm-none-eabi/8.1.0/thumb/crtbegin.o
                                         0x23 (size before relaxing)
 .comment       0x0000000000000022       0x23 gba_Video.o
 .comment       0x0000000000000022       0x23 gba_Math.o
 .comment       0x0000000000000022       0x23 SeasonTree.o
 .comment       0x0000000000000022       0x23 gba_Background.o
 .comment       0x0000000000000022       0x23 Pause.o
 .comment       0x0000000000000022       0x23 PlayerSprite1.o
 .comment       0x0000000000000022       0x23 sinlut.o
 .comment       0x0000000000000022       0x23 Intro4.o
 .comment       0x0000000000000022       0x23 gba_MathUtil.o
 .comment       0x0000000000000022       0x23 Intro2.o
 .comment       0x0000000000000022       0x23 particles.o
 .comment       0x0000000000000022       0x23 MainMenu.o
 .comment       0x0000000000000022       0x23 gba_OAM.o
 .comment       0x0000000000000022       0x23 main.o
 .comment       0x0000000000000022       0x23 Intro1.o
 .comment       0x0000000000000022       0x23 Intro5.o
 .comment       0x0000000000000022       0x23 gba_Input.o
 .comment       0x0000000000000022       0x23 gba_Collision.o
 .comment       0x0000000000000022       0x23 ParticleEffects.o
 .comment       0x0000000000000022       0x23 GameStates.o
 .comment       0x0000000000000022       0x23 Intro3.o
 .comment       0x0000000000000022       0x23 c:/devkitpro/devkitarm/bin/../lib/gcc/arm-none-eabi/8.1.0/../../../../arm-none-eabi/lib/thumb\libg.a(lib_a-init.o)
 .comment       0x0000000000000022       0x23 c:/devkitpro/devkitarm/bin/../lib/gcc/arm-none-eabi/8.1.0/../../../../arm-none-eabi/lib/thumb\libg.a(lib_a-memcpy-stub.o)
 .comment       0x0000000000000022       0x23 c:/devkitpro/devkitarm/bin/../lib/gcc/arm-none-eabi/8.1.0/../../../../arm-none-eabi/lib/thumb\libsysbase.a(malloc_vars.o)
 .comment       0x0000000000000022       0x23 c:/devkitpro/devkitarm/bin/../lib/gcc/arm-none-eabi/8.1.0/thumb/crtend.o

.debug
 *(.debug)

.line
 *(.line)

.debug_srcinfo
 *(.debug_srcinfo)

.debug_sfnames
 *(.debug_sfnames)

.debug_aranges  0x0000000000000000      0x238
 *(.debug_aranges)
 .debug_aranges
                0x0000000000000000       0x20 gba_Video.o
 .debug_aranges
                0x0000000000000020       0x20 gba_Math.o
 .debug_aranges
                0x0000000000000040       0x18 SeasonTree.o
 .debug_aranges
                0x0000000000000058       0x20 gba_Background.o
 .debug_aranges
                0x0000000000000078       0x18 Pause.o
 .debug_aranges
                0x0000000000000090       0x18 PlayerSprite1.o
 .debug_aranges
                0x00000000000000a8       0x18 sinlut.o
 .debug_aranges
                0x00000000000000c0       0x18 Intro4.o
 .debug_aranges
                0x00000000000000d8       0x18 gba_MathUtil.o
 .debug_aranges
                0x00000000000000f0       0x18 Intro2.o
 .debug_aranges
                0x0000000000000108       0x18 particles.o
 .debug_aranges
                0x0000000000000120       0x18 MainMenu.o
 .debug_aranges
                0x0000000000000138       0x20 gba_OAM.o
 .debug_aranges
                0x0000000000000158       0x20 main.o
 .debug_aranges
                0x0000000000000178       0x18 Intro1.o
 .debug_aranges
                0x0000000000000190       0x18 Intro5.o
 .debug_aranges
                0x00000000000001a8       0x18 gba_Input.o
 .debug_aranges
                0x00000000000001c0       0x20 gba_Collision.o
 .debug_aranges
                0x00000000000001e0       0x20 ParticleEffects.o
 .debug_aranges
                0x0000000000000200       0x20 GameStates.o
 .debug_aranges
                0x0000000000000220       0x18 Intro3.o

.debug_pubnames
 *(.debug_pubnames)

.debug_info     0x0000000000000000     0x530d
 *(.debug_info)
 .debug_info    0x0000000000000000      0x1e5 gba_Video.o
 .debug_info    0x00000000000001e5      0x35c gba_Math.o
 .debug_info    0x0000000000000541       0xf3 SeasonTree.o
 .debug_info    0x0000000000000634     0x1619 gba_Background.o
 .debug_info    0x0000000000001c4d       0x83 Pause.o
 .debug_info    0x0000000000001cd0      0x153 PlayerSprite1.o
 .debug_info    0x0000000000001e23       0x59 sinlut.o
 .debug_info    0x0000000000001e7c       0x91 Intro4.o
 .debug_info    0x0000000000001f0d       0xfc gba_MathUtil.o
 .debug_info    0x0000000000002009       0x91 Intro2.o
 .debug_info    0x000000000000209a       0xba particles.o
 .debug_info    0x0000000000002154       0x83 MainMenu.o
 .debug_info    0x00000000000021d7      0x535 gba_OAM.o
 .debug_info    0x000000000000270c      0x4fa main.o
 .debug_info    0x0000000000002c06       0x91 Intro1.o
 .debug_info    0x0000000000002c97       0x91 Intro5.o
 .debug_info    0x0000000000002d28       0xbc gba_Input.o
 .debug_info    0x0000000000002de4      0x1ab gba_Collision.o
 .debug_info    0x0000000000002f8f      0x64a ParticleEffects.o
 .debug_info    0x00000000000035d9     0x1ca3 GameStates.o
 .debug_info    0x000000000000527c       0x91 Intro3.o

.debug_abbrev   0x0000000000000000     0x1437
 *(.debug_abbrev)
 .debug_abbrev  0x0000000000000000       0xd7 gba_Video.o
 .debug_abbrev  0x00000000000000d7      0x105 gba_Math.o
 .debug_abbrev  0x00000000000001dc       0x4a SeasonTree.o
 .debug_abbrev  0x0000000000000226      0x309 gba_Background.o
 .debug_abbrev  0x000000000000052f       0x69 Pause.o
 .debug_abbrev  0x0000000000000598       0x53 PlayerSprite1.o
 .debug_abbrev  0x00000000000005eb       0x47 sinlut.o
 .debug_abbrev  0x0000000000000632       0x6e Intro4.o
 .debug_abbrev  0x00000000000006a0       0x66 gba_MathUtil.o
 .debug_abbrev  0x0000000000000706       0x6e Intro2.o
 .debug_abbrev  0x0000000000000774       0x4a particles.o
 .debug_abbrev  0x00000000000007be       0x69 MainMenu.o
 .debug_abbrev  0x0000000000000827      0x21d gba_OAM.o
 .debug_abbrev  0x0000000000000a44      0x145 main.o
 .debug_abbrev  0x0000000000000b89       0x6e Intro1.o
 .debug_abbrev  0x0000000000000bf7       0x6e Intro5.o
 .debug_abbrev  0x0000000000000c65       0x66 gba_Input.o
 .debug_abbrev  0x0000000000000ccb       0xa7 gba_Collision.o
 .debug_abbrev  0x0000000000000d72      0x1bb ParticleEffects.o
 .debug_abbrev  0x0000000000000f2d      0x49c GameStates.o
 .debug_abbrev  0x00000000000013c9       0x6e Intro3.o

.debug_line     0x0000000000000000     0x25af
 *(.debug_line)
 .debug_line    0x0000000000000000      0x1a7 gba_Video.o
 .debug_line    0x00000000000001a7      0x1fd gba_Math.o
 .debug_line    0x00000000000003a4       0x51 SeasonTree.o
 .debug_line    0x00000000000003f5      0x4a4 gba_Background.o
 .debug_line    0x0000000000000899       0x4c Pause.o
 .debug_line    0x00000000000008e5       0x54 PlayerSprite1.o
 .debug_line    0x0000000000000939       0x4d sinlut.o
 .debug_line    0x0000000000000986       0x7e Intro4.o
 .debug_line    0x0000000000000a04      0x130 gba_MathUtil.o
 .debug_line    0x0000000000000b34       0x7e Intro2.o
 .debug_line    0x0000000000000bb2       0x50 particles.o
 .debug_line    0x0000000000000c02       0x4f MainMenu.o
 .debug_line    0x0000000000000c51      0x2aa gba_OAM.o
 .debug_line    0x0000000000000efb      0x208 main.o
 .debug_line    0x0000000000001103       0x7e Intro1.o
 .debug_line    0x0000000000001181       0x7e Intro5.o
 .debug_line    0x00000000000011ff      0x11c gba_Input.o
 .debug_line    0x000000000000131b      0x163 gba_Collision.o
 .debug_line    0x000000000000147e      0x433 ParticleEffects.o
 .debug_line    0x00000000000018b1      0xc80 GameStates.o
 .debug_line    0x0000000000002531       0x7e Intro3.o

.debug_frame    0x0000000000000000      0x418
 *(.debug_frame)
 .debug_frame   0x0000000000000000       0x40 gba_Video.o
 .debug_frame   0x0000000000000040       0xe8 gba_Math.o
 .debug_frame   0x0000000000000128      0x100 gba_Background.o
 .debug_frame   0x0000000000000228       0xa0 gba_OAM.o
 .debug_frame   0x00000000000002c8       0x28 main.o
 .debug_frame   0x00000000000002f0       0x3c gba_Collision.o
 .debug_frame   0x000000000000032c       0x54 ParticleEffects.o
 .debug_frame   0x0000000000000380       0x98 GameStates.o

.debug_str      0x0000000000000000     0x1413
 *(.debug_str)
 .debug_str     0x0000000000000000      0x1d0 gba_Video.o
                                        0x21e (size before relaxing)
 .debug_str     0x00000000000001d0       0xb8 gba_Math.o
                                        0x1fe (size before relaxing)
 .debug_str     0x0000000000000288       0xc9 SeasonTree.o
                                        0x189 (size before relaxing)
 .debug_str     0x0000000000000351      0x8f7 gba_Background.o
                                        0xb6b (size before relaxing)
 .debug_str     0x0000000000000c48       0x2c Pause.o
                                        0x101 (size before relaxing)
 .debug_str     0x0000000000000c74       0x34 PlayerSprite1.o
                                        0x1d6 (size before relaxing)
 .debug_str     0x0000000000000ca8       0x2d sinlut.o
                                         0xec (size before relaxing)
 .debug_str     0x0000000000000cd5       0x2d Intro4.o
                                        0x104 (size before relaxing)
 .debug_str     0x0000000000000d02       0x33 gba_MathUtil.o
                                        0x1a0 (size before relaxing)
 .debug_str     0x0000000000000d35       0x2d Intro2.o
                                        0x104 (size before relaxing)
 .debug_str     0x0000000000000d62       0x30 particles.o
                                        0x136 (size before relaxing)
 .debug_str     0x0000000000000d92       0x2f MainMenu.o
                                        0x10a (size before relaxing)
 .debug_str     0x0000000000000dc1       0xaa gba_OAM.o
                                        0x2a8 (size before relaxing)
 .debug_str     0x0000000000000e6b       0x59 main.o
                                        0x4de (size before relaxing)
 .debug_str     0x0000000000000ec4       0x2d Intro1.o
                                        0x104 (size before relaxing)
 .debug_str     0x0000000000000ef1       0x2d Intro5.o
                                        0x104 (size before relaxing)
 .debug_str     0x0000000000000f1e       0x30 gba_Input.o
                                        0x18a (size before relaxing)
 .debug_str     0x0000000000000f4e       0xcd gba_Collision.o
                                        0x20b (size before relaxing)
 .debug_str     0x000000000000101b       0xf7 ParticleEffects.o
                                        0x29e (size before relaxing)
 .debug_str     0x0000000000001112      0x2d4 GameStates.o
                                        0xd85 (size before relaxing)
 .debug_str     0x00000000000013e6       0x2d Intro3.o
                                        0x104 (size before relaxing)

.debug_loc      0x0000000000000000     0x13da
 *(.debug_loc)
 .debug_loc     0x0000000000000000      0x162 gba_Video.o
 .debug_loc     0x0000000000000162      0x1e0 gba_Math.o
 .debug_loc     0x0000000000000342      0x122 gba_Background.o
 .debug_loc     0x0000000000000464      0x3eb gba_OAM.o
 .debug_loc     0x000000000000084f       0xa1 gba_Collision.o
 .debug_loc     0x00000000000008f0      0x3ce ParticleEffects.o
 .debug_loc     0x0000000000000cbe      0x71c GameStates.o

.debug_macinfo
 *(.debug_macinfo)

.debug_weaknames
 *(.debug_weaknames)

.debug_funcnames
 *(.debug_funcnames)

.debug_typenames
 *(.debug_typenames)

.debug_varnames
 *(.debug_varnames)

.stack          0x0000000000080000        0x0
                0x0000000000080000                _stack = .
 *(.stack)

.note.gnu.arm.ident
 *(.note.gnu.arm.ident)

.ARM.attributes
                0x0000000000000000       0x2c
 *(.ARM.attributes)
 .ARM.attributes
                0x0000000000000000       0x20 c:/devkitpro/devkitarm/bin/../lib/gcc/arm-none-eabi/8.1.0/../../../../arm-none-eabi/lib/thumb/gba_crt0.o
 .ARM.attributes
                0x0000000000000020       0x1c c:/devkitpro/devkitarm/bin/../lib/gcc/arm-none-eabi/8.1.0/thumb/crti.o
 .ARM.attributes
                0x000000000000003c       0x2a c:/devkitpro/devkitarm/bin/../lib/gcc/arm-none-eabi/8.1.0/thumb/crtbegin.o
 .ARM.attributes
                0x0000000000000066       0x26 gba_Video.o
 .ARM.attributes
                0x000000000000008c       0x26 gba_Math.o
 .ARM.attributes
                0x00000000000000b2       0x2c SeasonTree.o
 .ARM.attributes
                0x00000000000000de       0x26 gba_Background.o
 .ARM.attributes
                0x0000000000000104       0x2c Pause.o
 .ARM.attributes
                0x0000000000000130       0x2c PlayerSprite1.o
 .ARM.attributes
                0x000000000000015c       0x2c sinlut.o
 .ARM.attributes
                0x0000000000000188       0x2c Intro4.o
 .ARM.attributes
                0x00000000000001b4       0x2c TileSet.o
 .ARM.attributes
                0x00000000000001e0       0x2c gba_MathUtil.o
 .ARM.attributes
                0x000000000000020c       0x2c Intro2.o
 .ARM.attributes
                0x0000000000000238       0x2c particles.o
 .ARM.attributes
                0x0000000000000264       0x2c MainMenu.o
 .ARM.attributes
                0x0000000000000290       0x26 gba_Drawings.o
 .ARM.attributes
                0x00000000000002b6       0x26 gba_OAM.o
 .ARM.attributes
                0x00000000000002dc       0x26 main.o
 .ARM.attributes
                0x0000000000000302       0x2c Intro1.o
 .ARM.attributes
                0x000000000000032e       0x2c Intro5.o
 .ARM.attributes
                0x000000000000035a       0x2c gba_Input.o
 .ARM.attributes
                0x0000000000000386       0x26 gba_Collision.o
 .ARM.attributes
                0x00000000000003ac       0x26 ParticleEffects.o
 .ARM.attributes
                0x00000000000003d2       0x26 GameStates.o
 .ARM.attributes
                0x00000000000003f8       0x2c Intro3.o
 .ARM.attributes
                0x0000000000000424       0x1c c:/devkitpro/devkitarm/bin/../lib/gcc/arm-none-eabi/8.1.0/thumb\libgcc.a(_divsi3.o)
 .ARM.attributes
                0x0000000000000440       0x1c c:/devkitpro/devkitarm/bin/../lib/gcc/arm-none-eabi/8.1.0/thumb\libgcc.a(_dvmd_tls.o)
 .ARM.attributes
                0x000000000000045c       0x1c c:/devkitpro/devkitarm/bin/../lib/gcc/arm-none-eabi/8.1.0/thumb\libgcc.a(_arm_addsubsf3.o)
 .ARM.attributes
                0x0000000000000478       0x1c c:/devkitpro/devkitarm/bin/../lib/gcc/arm-none-eabi/8.1.0/thumb\libgcc.a(_arm_muldivsf3.o)
 .ARM.attributes
                0x0000000000000494       0x1c c:/devkitpro/devkitarm/bin/../lib/gcc/arm-none-eabi/8.1.0/thumb\libgcc.a(_arm_fixsfsi.o)
 .ARM.attributes
                0x00000000000004b0       0x2a c:/devkitpro/devkitarm/bin/../lib/gcc/arm-none-eabi/8.1.0/../../../../arm-none-eabi/lib/thumb\libg.a(lib_a-init.o)
 .ARM.attributes
                0x00000000000004da       0x2a c:/devkitpro/devkitarm/bin/../lib/gcc/arm-none-eabi/8.1.0/../../../../arm-none-eabi/lib/thumb\libg.a(lib_a-memcpy-stub.o)
 .ARM.attributes
                0x0000000000000504       0x30 c:/devkitpro/devkitarm/bin/../lib/gcc/arm-none-eabi/8.1.0/../../../../arm-none-eabi/lib/thumb\libsysbase.a(malloc_vars.o)
 .ARM.attributes
                0x0000000000000534       0x30 c:/devkitpro/devkitarm/bin/../lib/gcc/arm-none-eabi/8.1.0/thumb/crtend.o
 .ARM.attributes
                0x0000000000000564       0x1c c:/devkitpro/devkitarm/bin/../lib/gcc/arm-none-eabi/8.1.0/thumb/crtn.o

/DISCARD/
 *(.note.GNU-stack)
LOAD c:/devkitpro/devkitarm/bin/../lib/gcc/arm-none-eabi/8.1.0/../../../../arm-none-eabi/lib/thumb/gba_crt0.o
LOAD c:/devkitpro/devkitarm/bin/../lib/gcc/arm-none-eabi/8.1.0/thumb/crti.o
LOAD c:/devkitpro/devkitarm/bin/../lib/gcc/arm-none-eabi/8.1.0/thumb/crtbegin.o
LOAD gba_Video.o
LOAD gba_Math.o
LOAD SeasonTree.o
LOAD gba_Background.o
LOAD Pause.o
LOAD PlayerSprite1.o
LOAD sinlut.o
LOAD Intro4.o
LOAD TileSet.o
LOAD gba_MathUtil.o
LOAD Intro2.o
LOAD particles.o
LOAD MainMenu.o
LOAD gba_Drawings.o
LOAD gba_OAM.o
LOAD main.o
LOAD Intro1.o
LOAD Intro5.o
LOAD gba_Input.o
LOAD gba_Collision.o
LOAD ParticleEffects.o
LOAD GameStates.o
LOAD Intro3.o
LOAD C:/devkitPro/libgba/lib\libmm.a
LOAD C:/devkitPro/libgba/lib\libgba.a
START GROUP
LOAD c:/devkitpro/devkitarm/bin/../lib/gcc/arm-none-eabi/8.1.0/thumb\libgcc.a
LOAD c:/devkitpro/devkitarm/bin/../lib/gcc/arm-none-eabi/8.1.0/../../../../arm-none-eabi/lib/thumb\libg.a
LOAD c:/devkitpro/devkitarm/bin/../lib/gcc/arm-none-eabi/8.1.0/../../../../arm-none-eabi/lib/thumb\libc.a
LOAD c:/devkitpro/devkitarm/bin/../lib/gcc/arm-none-eabi/8.1.0/../../../../arm-none-eabi/lib/thumb\libsysbase.a
END GROUP
LOAD c:/devkitpro/devkitarm/bin/../lib/gcc/arm-none-eabi/8.1.0/thumb/crtend.o
LOAD c:/devkitpro/devkitarm/bin/../lib/gcc/arm-none-eabi/8.1.0/thumb/crtn.o
OUTPUT(F:/GBA/HelloWorld/HelloWorld/HelloWorld.elf elf32-littlearm)

.debug_ranges   0x0000000000000000      0x2a0
 .debug_ranges  0x0000000000000000       0x20 gba_OAM.o
 .debug_ranges  0x0000000000000020       0x10 main.o
 .debug_ranges  0x0000000000000030       0xd8 ParticleEffects.o
 .debug_ranges  0x0000000000000108      0x198 GameStates.o
